Archive member included to satisfy reference by file (symbol)

c:/st/stm32cubeide_1.5.1/stm32cubeide/plugins/com.st.stm32cube.ide.mcu.externaltools.gnu-tools-for-stm32.7-2018-q2-update.win32_1.5.0.202011040924/tools/bin/../lib/gcc/arm-none-eabi/7.3.1/../../../../arm-none-eabi/lib/thumb/v7-m\libc_nano.a(lib_a-errno.o)
                              Core/Src/syscalls.o (__errno)
c:/st/stm32cubeide_1.5.1/stm32cubeide/plugins/com.st.stm32cube.ide.mcu.externaltools.gnu-tools-for-stm32.7-2018-q2-update.win32_1.5.0.202011040924/tools/bin/../lib/gcc/arm-none-eabi/7.3.1/../../../../arm-none-eabi/lib/thumb/v7-m\libc_nano.a(lib_a-exit.o)
                              c:/st/stm32cubeide_1.5.1/stm32cubeide/plugins/com.st.stm32cube.ide.mcu.externaltools.gnu-tools-for-stm32.7-2018-q2-update.win32_1.5.0.202011040924/tools/bin/../lib/gcc/arm-none-eabi/7.3.1/../../../../arm-none-eabi/lib/thumb/v7-m/crt0.o (exit)
c:/st/stm32cubeide_1.5.1/stm32cubeide/plugins/com.st.stm32cube.ide.mcu.externaltools.gnu-tools-for-stm32.7-2018-q2-update.win32_1.5.0.202011040924/tools/bin/../lib/gcc/arm-none-eabi/7.3.1/../../../../arm-none-eabi/lib/thumb/v7-m\libc_nano.a(lib_a-impure.o)
                              c:/st/stm32cubeide_1.5.1/stm32cubeide/plugins/com.st.stm32cube.ide.mcu.externaltools.gnu-tools-for-stm32.7-2018-q2-update.win32_1.5.0.202011040924/tools/bin/../lib/gcc/arm-none-eabi/7.3.1/../../../../arm-none-eabi/lib/thumb/v7-m\libc_nano.a(lib_a-exit.o) (_global_impure_ptr)
c:/st/stm32cubeide_1.5.1/stm32cubeide/plugins/com.st.stm32cube.ide.mcu.externaltools.gnu-tools-for-stm32.7-2018-q2-update.win32_1.5.0.202011040924/tools/bin/../lib/gcc/arm-none-eabi/7.3.1/../../../../arm-none-eabi/lib/thumb/v7-m\libc_nano.a(lib_a-init.o)
                              c:/st/stm32cubeide_1.5.1/stm32cubeide/plugins/com.st.stm32cube.ide.mcu.externaltools.gnu-tools-for-stm32.7-2018-q2-update.win32_1.5.0.202011040924/tools/bin/../lib/gcc/arm-none-eabi/7.3.1/../../../../arm-none-eabi/lib/thumb/v7-m/crt0.o (__libc_init_array)
c:/st/stm32cubeide_1.5.1/stm32cubeide/plugins/com.st.stm32cube.ide.mcu.externaltools.gnu-tools-for-stm32.7-2018-q2-update.win32_1.5.0.202011040924/tools/bin/../lib/gcc/arm-none-eabi/7.3.1/../../../../arm-none-eabi/lib/thumb/v7-m\libc_nano.a(lib_a-memset.o)
                              c:/st/stm32cubeide_1.5.1/stm32cubeide/plugins/com.st.stm32cube.ide.mcu.externaltools.gnu-tools-for-stm32.7-2018-q2-update.win32_1.5.0.202011040924/tools/bin/../lib/gcc/arm-none-eabi/7.3.1/../../../../arm-none-eabi/lib/thumb/v7-m/crt0.o (memset)

Allocating common symbols
Common symbol       size              file

hUsbDeviceFS        0x2c4             USB_DEVICE/App/usb_device.o
uwTick              0x4               Drivers/STM32F1xx_HAL_Driver/Src/stm32f1xx_hal.o
pFlash              0x20              Drivers/STM32F1xx_HAL_Driver/Src/stm32f1xx_hal_flash.o
hpcd_USB_FS         0x2ec             USB_DEVICE/Target/usbd_conf.o
USBD_StrDesc        0x200             USB_DEVICE/App/usbd_desc.o

Discarded input sections

 .text          0x0000000000000000        0x0 c:/st/stm32cubeide_1.5.1/stm32cubeide/plugins/com.st.stm32cube.ide.mcu.externaltools.gnu-tools-for-stm32.7-2018-q2-update.win32_1.5.0.202011040924/tools/bin/../lib/gcc/arm-none-eabi/7.3.1/thumb/v7-m/crti.o
 .data          0x0000000000000000        0x0 c:/st/stm32cubeide_1.5.1/stm32cubeide/plugins/com.st.stm32cube.ide.mcu.externaltools.gnu-tools-for-stm32.7-2018-q2-update.win32_1.5.0.202011040924/tools/bin/../lib/gcc/arm-none-eabi/7.3.1/thumb/v7-m/crti.o
 .bss           0x0000000000000000        0x0 c:/st/stm32cubeide_1.5.1/stm32cubeide/plugins/com.st.stm32cube.ide.mcu.externaltools.gnu-tools-for-stm32.7-2018-q2-update.win32_1.5.0.202011040924/tools/bin/../lib/gcc/arm-none-eabi/7.3.1/thumb/v7-m/crti.o
 .data          0x0000000000000000        0x4 c:/st/stm32cubeide_1.5.1/stm32cubeide/plugins/com.st.stm32cube.ide.mcu.externaltools.gnu-tools-for-stm32.7-2018-q2-update.win32_1.5.0.202011040924/tools/bin/../lib/gcc/arm-none-eabi/7.3.1/thumb/v7-m/crtbegin.o
 .text          0x0000000000000000       0x74 c:/st/stm32cubeide_1.5.1/stm32cubeide/plugins/com.st.stm32cube.ide.mcu.externaltools.gnu-tools-for-stm32.7-2018-q2-update.win32_1.5.0.202011040924/tools/bin/../lib/gcc/arm-none-eabi/7.3.1/../../../../arm-none-eabi/lib/thumb/v7-m/crt0.o
 .data          0x0000000000000000        0x0 c:/st/stm32cubeide_1.5.1/stm32cubeide/plugins/com.st.stm32cube.ide.mcu.externaltools.gnu-tools-for-stm32.7-2018-q2-update.win32_1.5.0.202011040924/tools/bin/../lib/gcc/arm-none-eabi/7.3.1/../../../../arm-none-eabi/lib/thumb/v7-m/crt0.o
 .bss           0x0000000000000000        0x0 c:/st/stm32cubeide_1.5.1/stm32cubeide/plugins/com.st.stm32cube.ide.mcu.externaltools.gnu-tools-for-stm32.7-2018-q2-update.win32_1.5.0.202011040924/tools/bin/../lib/gcc/arm-none-eabi/7.3.1/../../../../arm-none-eabi/lib/thumb/v7-m/crt0.o
[...]
Memory Configuration

Name             Origin             Length             Attributes
RAM              0x0000000020000000 0x0000000000005000 xrw
FLASH            0x0000000008000000 0x0000000000010000 xr
*default*        0x0000000000000000 0xffffffffffffffff

Linker script and memory map

LOAD c:/st/stm32cubeide_1.5.1/stm32cubeide/plugins/com.st.stm32cube.ide.mcu.externaltools.gnu-tools-for-stm32.7-2018-q2-update.win32_1.5.0.202011040924/tools/bin/../lib/gcc/arm-none-eabi/7.3.1/thumb/v7-m/crti.o
LOAD c:/st/stm32cubeide_1.5.1/stm32cubeide/plugins/com.st.stm32cube.ide.mcu.externaltools.gnu-tools-for-stm32.7-2018-q2-update.win32_1.5.0.202011040924/tools/bin/../lib/gcc/arm-none-eabi/7.3.1/thumb/v7-m/crtbegin.o
LOAD c:/st/stm32cubeide_1.5.1/stm32cubeide/plugins/com.st.stm32cube.ide.mcu.externaltools.gnu-tools-for-stm32.7-2018-q2-update.win32_1.5.0.202011040924/tools/bin/../lib/gcc/arm-none-eabi/7.3.1/../../../../arm-none-eabi/lib/thumb/v7-m/crt0.o
LOAD Core/Src/main.o
LOAD Core/Src/stm32f1xx_hal_msp.o
LOAD Core/Src/stm32f1xx_it.o
LOAD Core/Src/syscalls.o
LOAD Core/Src/sysmem.o
LOAD Core/Src/system_stm32f1xx.o
LOAD Core/Startup/startup_stm32f103c8tx.o
LOAD Drivers/STM32F1xx_HAL_Driver/Src/stm32f1xx_hal.o
LOAD Drivers/STM32F1xx_HAL_Driver/Src/stm32f1xx_hal_cortex.o
LOAD Drivers/STM32F1xx_HAL_Driver/Src/stm32f1xx_hal_dma.o
LOAD Drivers/STM32F1xx_HAL_Driver/Src/stm32f1xx_hal_exti.o
LOAD Drivers/STM32F1xx_HAL_Driver/Src/stm32f1xx_hal_flash.o
LOAD Drivers/STM32F1xx_HAL_Driver/Src/stm32f1xx_hal_flash_ex.o
LOAD Drivers/STM32F1xx_HAL_Driver/Src/stm32f1xx_hal_gpio.o
LOAD Drivers/STM32F1xx_HAL_Driver/Src/stm32f1xx_hal_gpio_ex.o
LOAD Drivers/STM32F1xx_HAL_Driver/Src/stm32f1xx_hal_pcd.o
LOAD Drivers/STM32F1xx_HAL_Driver/Src/stm32f1xx_hal_pcd_ex.o
LOAD Drivers/STM32F1xx_HAL_Driver/Src/stm32f1xx_hal_pwr.o
LOAD Drivers/STM32F1xx_HAL_Driver/Src/stm32f1xx_hal_rcc.o
LOAD Drivers/STM32F1xx_HAL_Driver/Src/stm32f1xx_hal_rcc_ex.o
LOAD Drivers/STM32F1xx_HAL_Driver/Src/stm32f1xx_hal_tim.o
LOAD Drivers/STM32F1xx_HAL_Driver/Src/stm32f1xx_hal_tim_ex.o
LOAD Drivers/STM32F1xx_HAL_Driver/Src/stm32f1xx_ll_usb.o
LOAD Middlewares/ST/STM32_USB_Device_Library/Class/HID/Src/usbd_hid.o
LOAD Middlewares/ST/STM32_USB_Device_Library/Core/Src/usbd_core.o
LOAD Middlewares/ST/STM32_USB_Device_Library/Core/Src/usbd_ctlreq.o
LOAD Middlewares/ST/STM32_USB_Device_Library/Core/Src/usbd_ioreq.o
LOAD USB_DEVICE/App/usb_device.o
LOAD USB_DEVICE/App/usbd_desc.o
LOAD USB_DEVICE/Target/usbd_conf.o
START GROUP
LOAD c:/st/stm32cubeide_1.5.1/stm32cubeide/plugins/com.st.stm32cube.ide.mcu.externaltools.gnu-tools-for-stm32.7-2018-q2-update.win32_1.5.0.202011040924/tools/bin/../lib/gcc/arm-none-eabi/7.3.1/../../../../arm-none-eabi/lib/thumb/v7-m\libc_nano.a
LOAD c:/st/stm32cubeide_1.5.1/stm32cubeide/plugins/com.st.stm32cube.ide.mcu.externaltools.gnu-tools-for-stm32.7-2018-q2-update.win32_1.5.0.202011040924/tools/bin/../lib/gcc/arm-none-eabi/7.3.1/../../../../arm-none-eabi/lib/thumb/v7-m\libm.a
END GROUP
START GROUP
LOAD c:/st/stm32cubeide_1.5.1/stm32cubeide/plugins/com.st.stm32cube.ide.mcu.externaltools.gnu-tools-for-stm32.7-2018-q2-update.win32_1.5.0.202011040924/tools/bin/../lib/gcc/arm-none-eabi/7.3.1/thumb/v7-m\libgcc.a
LOAD c:/st/stm32cubeide_1.5.1/stm32cubeide/plugins/com.st.stm32cube.ide.mcu.externaltools.gnu-tools-for-stm32.7-2018-q2-update.win32_1.5.0.202011040924/tools/bin/../lib/gcc/arm-none-eabi/7.3.1/../../../../arm-none-eabi/lib/thumb/v7-m\libc_nano.a
END GROUP
START GROUP
LOAD c:/st/stm32cubeide_1.5.1/stm32cubeide/plugins/com.st.stm32cube.ide.mcu.externaltools.gnu-tools-for-stm32.7-2018-q2-update.win32_1.5.0.202011040924/tools/bin/../lib/gcc/arm-none-eabi/7.3.1/thumb/v7-m\libgcc.a
LOAD c:/st/stm32cubeide_1.5.1/stm32cubeide/plugins/com.st.stm32cube.ide.mcu.externaltools.gnu-tools-for-stm32.7-2018-q2-update.win32_1.5.0.202011040924/tools/bin/../lib/gcc/arm-none-eabi/7.3.1/../../../../arm-none-eabi/lib/thumb/v7-m\libc_nano.a
LOAD c:/st/stm32cubeide_1.5.1/stm32cubeide/plugins/com.st.stm32cube.ide.mcu.externaltools.gnu-tools-for-stm32.7-2018-q2-update.win32_1.5.0.202011040924/tools/bin/../lib/gcc/arm-none-eabi/7.3.1/../../../../arm-none-eabi/lib/thumb/v7-m\libnosys.a
END GROUP
START GROUP
LOAD c:/st/stm32cubeide_1.5.1/stm32cubeide/plugins/com.st.stm32cube.ide.mcu.externaltools.gnu-tools-for-stm32.7-2018-q2-update.win32_1.5.0.202011040924/tools/bin/../lib/gcc/arm-none-eabi/7.3.1/thumb/v7-m\libgcc.a
LOAD c:/st/stm32cubeide_1.5.1/stm32cubeide/plugins/com.st.stm32cube.ide.mcu.externaltools.gnu-tools-for-stm32.7-2018-q2-update.win32_1.5.0.202011040924/tools/bin/../lib/gcc/arm-none-eabi/7.3.1/../../../../arm-none-eabi/lib/thumb/v7-m\libc_nano.a
LOAD c:/st/stm32cubeide_1.5.1/stm32cubeide/plugins/com.st.stm32cube.ide.mcu.externaltools.gnu-tools-for-stm32.7-2018-q2-update.win32_1.5.0.202011040924/tools/bin/../lib/gcc/arm-none-eabi/7.3.1/../../../../arm-none-eabi/lib/thumb/v7-m\libnosys.a
END GROUP
LOAD c:/st/stm32cubeide_1.5.1/stm32cubeide/plugins/com.st.stm32cube.ide.mcu.externaltools.gnu-tools-for-stm32.7-2018-q2-update.win32_1.5.0.202011040924/tools/bin/../lib/gcc/arm-none-eabi/7.3.1/thumb/v7-m/crtend.o
LOAD c:/st/stm32cubeide_1.5.1/stm32cubeide/plugins/com.st.stm32cube.ide.mcu.externaltools.gnu-tools-for-stm32.7-2018-q2-update.win32_1.5.0.202011040924/tools/bin/../lib/gcc/arm-none-eabi/7.3.1/thumb/v7-m/crtn.o
                0x0000000020005000                _estack = (ORIGIN (RAM) + LENGTH (RAM))
                0x0000000000000200                _Min_Heap_Size = 0x200
                0x0000000000000400                _Min_Stack_Size = 0x400

.isr_vector     0x0000000008000000      0x10c
                0x0000000008000000                . = ALIGN (0x4)
 *(.isr_vector)
 .isr_vector    0x0000000008000000      0x10c Core/Startup/startup_stm32f103c8tx.o
                0x0000000008000000                g_pfnVectors
                0x000000000800010c                . = ALIGN (0x4)

.text           0x000000000800010c     0x6e00
                0x000000000800010c                . = ALIGN (0x4)
 *(.text)
 .text          0x000000000800010c       0x40 c:/st/stm32cubeide_1.5.1/stm32cubeide/plugins/com.st.stm32cube.ide.mcu.externaltools.gnu-tools-for-stm32.7-2018-q2-update.win32_1.5.0.202011040924/tools/bin/../lib/gcc/arm-none-eabi/7.3.1/thumb/v7-m/crtbegin.o
 *(.text*)
 .text.main     0x000000000800014c      0x178 Core/Src/main.o
                0x000000000800014c                main
 .text.SystemClock_Config
                0x00000000080002c4       0xae Core/Src/main.o
                0x00000000080002c4                SystemClock_Config
 *fill*         0x0000000008000372        0x2 
 .text.MX_GPIO_Init
                0x0000000008000374       0x8c Core/Src/main.o
 .text.Error_Handler
                0x0000000008000400        0x8 Core/Src/main.o
                0x0000000008000400                Error_Handler
 .text.HAL_MspInit
                0x0000000008000408       0x64 Core/Src/stm32f1xx_hal_msp.o
                0x0000000008000408                HAL_MspInit
 .text.NMI_Handler
                0x000000000800046c        0x6 Core/Src/stm32f1xx_it.o
                0x000000000800046c                NMI_Handler
 .text.HardFault_Handler
                0x0000000008000472        0x6 Core/Src/stm32f1xx_it.o
                0x0000000008000472                HardFault_Handler
 .text.MemManage_Handler
                0x0000000008000478        0x6 Core/Src/stm32f1xx_it.o
                0x0000000008000478                MemManage_Handler
 .text.BusFault_Handler
                0x000000000800047e        0x6 Core/Src/stm32f1xx_it.o
                0x000000000800047e                BusFault_Handler
 .text.UsageFault_Handler
                0x0000000008000484        0x6 Core/Src/stm32f1xx_it.o
                0x0000000008000484                UsageFault_Handler
 .text.SVC_Handler
                0x000000000800048a        0xc Core/Src/stm32f1xx_it.o
                0x000000000800048a                SVC_Handler
 .text.DebugMon_Handler
                0x0000000008000496        0xc Core/Src/stm32f1xx_it.o
                0x0000000008000496                DebugMon_Handler
 .text.PendSV_Handler
                0x00000000080004a2        0xc Core/Src/stm32f1xx_it.o
                0x00000000080004a2                PendSV_Handler
 .text.SysTick_Handler
                0x00000000080004ae        0xc Core/Src/stm32f1xx_it.o
                0x00000000080004ae                SysTick_Handler
 *fill*         0x00000000080004ba        0x2 
 .text.USB_LP_CAN1_RX0_IRQHandler
                0x00000000080004bc       0x14 Core/Src/stm32f1xx_it.o
                0x00000000080004bc                USB_LP_CAN1_RX0_IRQHandler
 .text.SystemInit
                0x00000000080004d0        0xc Core/Src/system_stm32f1xx.o
                0x00000000080004d0                SystemInit
 .text.Reset_Handler
                0x00000000080004dc       0x48 Core/Startup/startup_stm32f103c8tx.o
                0x00000000080004dc                Reset_Handler
 .text.Default_Handler
                0x0000000008000524        0x2 Core/Startup/startup_stm32f103c8tx.o
                0x0000000008000524                RTC_Alarm_IRQHandler
                0x0000000008000524                EXTI2_IRQHandler
                0x0000000008000524                TIM1_CC_IRQHandler
                0x0000000008000524                PVD_IRQHandler
                0x0000000008000524                EXTI3_IRQHandler
                0x0000000008000524                EXTI0_IRQHandler
                0x0000000008000524                I2C2_EV_IRQHandler
                0x0000000008000524                ADC1_2_IRQHandler
                0x0000000008000524                SPI1_IRQHandler
                0x0000000008000524                TAMPER_IRQHandler
                0x0000000008000524                DMA1_Channel4_IRQHandler
                0x0000000008000524                USART3_IRQHandler
                0x0000000008000524                RTC_IRQHandler
                0x0000000008000524                DMA1_Channel7_IRQHandler
                0x0000000008000524                CAN1_RX1_IRQHandler
                0x0000000008000524                TIM4_IRQHandler
                0x0000000008000524                I2C1_EV_IRQHandler
                0x0000000008000524                DMA1_Channel6_IRQHandler
                0x0000000008000524                TIM3_IRQHandler
                0x0000000008000524                RCC_IRQHandler
                0x0000000008000524                TIM1_TRG_COM_IRQHandler
                0x0000000008000524                DMA1_Channel1_IRQHandler
                0x0000000008000524                Default_Handler
                0x0000000008000524                EXTI15_10_IRQHandler
                0x0000000008000524                EXTI9_5_IRQHandler
                0x0000000008000524                SPI2_IRQHandler
                0x0000000008000524                DMA1_Channel5_IRQHandler
                0x0000000008000524                EXTI4_IRQHandler
                0x0000000008000524                USB_HP_CAN1_TX_IRQHandler
                0x0000000008000524                DMA1_Channel3_IRQHandler
                0x0000000008000524                TIM1_UP_IRQHandler
                0x0000000008000524                WWDG_IRQHandler
                0x0000000008000524                TIM2_IRQHandler
                0x0000000008000524                TIM1_BRK_IRQHandler
                0x0000000008000524                EXTI1_IRQHandler
                0x0000000008000524                USART2_IRQHandler
                0x0000000008000524                I2C2_ER_IRQHandler
                0x0000000008000524                DMA1_Channel2_IRQHandler
                0x0000000008000524                CAN1_SCE_IRQHandler
                0x0000000008000524                FLASH_IRQHandler
                0x0000000008000524                USART1_IRQHandler
                0x0000000008000524                I2C1_ER_IRQHandler
                0x0000000008000524                USBWakeUp_IRQHandler
 *fill*         0x0000000008000526        0x2 
 .text.HAL_Init
                0x0000000008000528       0x2c Drivers/STM32F1xx_HAL_Driver/Src/stm32f1xx_hal.o
                0x0000000008000528                HAL_Init
 .text.HAL_InitTick
                0x0000000008000554       0x60 Drivers/STM32F1xx_HAL_Driver/Src/stm32f1xx_hal.o
                0x0000000008000554                HAL_InitTick
 .text.HAL_IncTick
                0x00000000080005b4       0x24 Drivers/STM32F1xx_HAL_Driver/Src/stm32f1xx_hal.o
                0x00000000080005b4                HAL_IncTick
 .text.HAL_GetTick
                0x00000000080005d8       0x14 Drivers/STM32F1xx_HAL_Driver/Src/stm32f1xx_hal.o
                0x00000000080005d8                HAL_GetTick
 .text.HAL_Delay
                0x00000000080005ec       0x44 Drivers/STM32F1xx_HAL_Driver/Src/stm32f1xx_hal.o
                0x00000000080005ec                HAL_Delay
 .text.__NVIC_SetPriorityGrouping
                0x0000000008000630       0x48 Drivers/STM32F1xx_HAL_Driver/Src/stm32f1xx_hal_cortex.o
 .text.__NVIC_GetPriorityGrouping
                0x0000000008000678       0x1c Drivers/STM32F1xx_HAL_Driver/Src/stm32f1xx_hal_cortex.o
 .text.__NVIC_EnableIRQ
                0x0000000008000694       0x38 Drivers/STM32F1xx_HAL_Driver/Src/stm32f1xx_hal_cortex.o
 .text.__NVIC_SetPriority
                0x00000000080006cc       0x54 Drivers/STM32F1xx_HAL_Driver/Src/stm32f1xx_hal_cortex.o
 .text.NVIC_EncodePriority
                0x0000000008000720       0x64 Drivers/STM32F1xx_HAL_Driver/Src/stm32f1xx_hal_cortex.o
 .text.SysTick_Config
                0x0000000008000784       0x44 Drivers/STM32F1xx_HAL_Driver/Src/stm32f1xx_hal_cortex.o
 .text.HAL_NVIC_SetPriorityGrouping
                0x00000000080007c8       0x16 Drivers/STM32F1xx_HAL_Driver/Src/stm32f1xx_hal_cortex.o
                0x00000000080007c8                HAL_NVIC_SetPriorityGrouping
 .text.HAL_NVIC_SetPriority
                0x00000000080007de       0x38 Drivers/STM32F1xx_HAL_Driver/Src/stm32f1xx_hal_cortex.o
                0x00000000080007de                HAL_NVIC_SetPriority
 .text.HAL_NVIC_EnableIRQ
                0x0000000008000816       0x1c Drivers/STM32F1xx_HAL_Driver/Src/stm32f1xx_hal_cortex.o
                0x0000000008000816                HAL_NVIC_EnableIRQ
 .text.HAL_SYSTICK_Config
                0x0000000008000832       0x18 Drivers/STM32F1xx_HAL_Driver/Src/stm32f1xx_hal_cortex.o
                0x0000000008000832                HAL_SYSTICK_Config
 *fill*         0x000000000800084a        0x2 
 .text.HAL_GPIO_Init
                0x000000000800084c      0x2b4 Drivers/STM32F1xx_HAL_Driver/Src/stm32f1xx_hal_gpio.o
                0x000000000800084c                HAL_GPIO_Init
 .text.HAL_GPIO_ReadPin
                0x0000000008000b00       0x2e Drivers/STM32F1xx_HAL_Driver/Src/stm32f1xx_hal_gpio.o
                0x0000000008000b00                HAL_GPIO_ReadPin
 .text.HAL_PCD_Init
                0x0000000008000b2e      0x216 Drivers/STM32F1xx_HAL_Driver/Src/stm32f1xx_hal_pcd.o
                0x0000000008000b2e                HAL_PCD_Init
 .text.HAL_PCD_Start
                0x0000000008000d44       0x4c Drivers/STM32F1xx_HAL_Driver/Src/stm32f1xx_hal_pcd.o
                0x0000000008000d44                HAL_PCD_Start
 .text.HAL_PCD_IRQHandler
                0x0000000008000d90      0x2aa Drivers/STM32F1xx_HAL_Driver/Src/stm32f1xx_hal_pcd.o
                0x0000000008000d90                HAL_PCD_IRQHandler
 .text.HAL_PCD_SetAddress
                0x000000000800103a       0x4a Drivers/STM32F1xx_HAL_Driver/Src/stm32f1xx_hal_pcd.o
                0x000000000800103a                HAL_PCD_SetAddress
 .text.HAL_PCD_EP_Open
                0x0000000008001084       0xcc Drivers/STM32F1xx_HAL_Driver/Src/stm32f1xx_hal_pcd.o
                0x0000000008001084                HAL_PCD_EP_Open
 .text.HAL_PCD_EP_Close
                0x0000000008001150       0x90 Drivers/STM32F1xx_HAL_Driver/Src/stm32f1xx_hal_pcd.o
                0x0000000008001150                HAL_PCD_EP_Close
 .text.HAL_PCD_EP_Receive
                0x00000000080011e0       0x7a Drivers/STM32F1xx_HAL_Driver/Src/stm32f1xx_hal_pcd.o
                0x00000000080011e0                HAL_PCD_EP_Receive
 .text.HAL_PCD_EP_Transmit
                0x000000000800125a       0x86 Drivers/STM32F1xx_HAL_Driver/Src/stm32f1xx_hal_pcd.o
                0x000000000800125a                HAL_PCD_EP_Transmit
 .text.HAL_PCD_EP_SetStall
                0x00000000080012e0       0xc0 Drivers/STM32F1xx_HAL_Driver/Src/stm32f1xx_hal_pcd.o
                0x00000000080012e0                HAL_PCD_EP_SetStall
 .text.HAL_PCD_EP_ClrStall
                0x00000000080013a0       0xa8 Drivers/STM32F1xx_HAL_Driver/Src/stm32f1xx_hal_pcd.o
                0x00000000080013a0                HAL_PCD_EP_ClrStall
 .text.PCD_EP_ISR_Handler
                0x0000000008001448      0x600 Drivers/STM32F1xx_HAL_Driver/Src/stm32f1xx_hal_pcd.o
 .text.HAL_PCD_EP_DB_Receive
                0x0000000008001a48      0x21a Drivers/STM32F1xx_HAL_Driver/Src/stm32f1xx_hal_pcd.o
 .text.HAL_PCD_EP_DB_Transmit
                0x0000000008001c62      0x79e Drivers/STM32F1xx_HAL_Driver/Src/stm32f1xx_hal_pcd.o
 .text.HAL_PCDEx_PMAConfig
                0x0000000008002400       0x84 Drivers/STM32F1xx_HAL_Driver/Src/stm32f1xx_hal_pcd_ex.o
                0x0000000008002400                HAL_PCDEx_PMAConfig
 .text.HAL_RCC_OscConfig
                0x0000000008002484      0x500 Drivers/STM32F1xx_HAL_Driver/Src/stm32f1xx_hal_rcc.o
                0x0000000008002484                HAL_RCC_OscConfig
 .text.HAL_RCC_ClockConfig
                0x0000000008002984      0x1d4 Drivers/STM32F1xx_HAL_Driver/Src/stm32f1xx_hal_rcc.o
                0x0000000008002984                HAL_RCC_ClockConfig
 .text.HAL_RCC_GetSysClockFreq
                0x0000000008002b58       0xc4 Drivers/STM32F1xx_HAL_Driver/Src/stm32f1xx_hal_rcc.o
                0x0000000008002b58                HAL_RCC_GetSysClockFreq
 .text.RCC_Delay
                0x0000000008002c1c       0x3c Drivers/STM32F1xx_HAL_Driver/Src/stm32f1xx_hal_rcc.o
 .text.HAL_RCCEx_PeriphCLKConfig
                0x0000000008002c58      0x16c Drivers/STM32F1xx_HAL_Driver/Src/stm32f1xx_hal_rcc_ex.o
                0x0000000008002c58                HAL_RCCEx_PeriphCLKConfig
 .text.USB_CoreInit
                0x0000000008002dc4       0x20 Drivers/STM32F1xx_HAL_Driver/Src/stm32f1xx_ll_usb.o
                0x0000000008002dc4                USB_CoreInit
 .text.USB_EnableGlobalInt
                0x0000000008002de4       0x2c Drivers/STM32F1xx_HAL_Driver/Src/stm32f1xx_ll_usb.o
                0x0000000008002de4                USB_EnableGlobalInt
 .text.USB_DisableGlobalInt
                0x0000000008002e10       0x34 Drivers/STM32F1xx_HAL_Driver/Src/stm32f1xx_ll_usb.o
                0x0000000008002e10                USB_DisableGlobalInt
 .text.USB_SetCurrentMode
                0x0000000008002e44       0x18 Drivers/STM32F1xx_HAL_Driver/Src/stm32f1xx_ll_usb.o
                0x0000000008002e44                USB_SetCurrentMode
 .text.USB_DevInit
                0x0000000008002e5c       0x40 Drivers/STM32F1xx_HAL_Driver/Src/stm32f1xx_ll_usb.o
                0x0000000008002e5c                USB_DevInit
 .text.USB_ActivateEndpoint
                0x0000000008002e9c      0x6d4 Drivers/STM32F1xx_HAL_Driver/Src/stm32f1xx_ll_usb.o
                0x0000000008002e9c                USB_ActivateEndpoint
 .text.USB_DeactivateEndpoint
                0x0000000008003570      0x3d8 Drivers/STM32F1xx_HAL_Driver/Src/stm32f1xx_ll_usb.o
                0x0000000008003570                USB_DeactivateEndpoint
 .text.USB_EPStartXfer
                0x0000000008003948     0x15ee Drivers/STM32F1xx_HAL_Driver/Src/stm32f1xx_ll_usb.o
                0x0000000008003948                USB_EPStartXfer
 .text.USB_EPSetStall
                0x0000000008004f36       0xa0 Drivers/STM32F1xx_HAL_Driver/Src/stm32f1xx_ll_usb.o
                0x0000000008004f36                USB_EPSetStall
 .text.USB_EPClearStall
                0x0000000008004fd6      0x15a Drivers/STM32F1xx_HAL_Driver/Src/stm32f1xx_ll_usb.o
                0x0000000008004fd6                USB_EPClearStall
 .text.USB_SetDevAddress
                0x0000000008005130       0x26 Drivers/STM32F1xx_HAL_Driver/Src/stm32f1xx_ll_usb.o
                0x0000000008005130                USB_SetDevAddress
 .text.USB_DevConnect
                0x0000000008005156       0x14 Drivers/STM32F1xx_HAL_Driver/Src/stm32f1xx_ll_usb.o
                0x0000000008005156                USB_DevConnect
 .text.USB_DevDisconnect
                0x000000000800516a       0x14 Drivers/STM32F1xx_HAL_Driver/Src/stm32f1xx_ll_usb.o
                0x000000000800516a                USB_DevDisconnect
 .text.USB_ReadInterrupts
                0x000000000800517e       0x1e Drivers/STM32F1xx_HAL_Driver/Src/stm32f1xx_ll_usb.o
                0x000000000800517e                USB_ReadInterrupts
 .text.USB_EP0_OutStart
                0x000000000800519c       0x16 Drivers/STM32F1xx_HAL_Driver/Src/stm32f1xx_ll_usb.o
                0x000000000800519c                USB_EP0_OutStart
 .text.USB_WritePMA
                0x00000000080051b2       0x88 Drivers/STM32F1xx_HAL_Driver/Src/stm32f1xx_ll_usb.o
                0x00000000080051b2                USB_WritePMA
 .text.USB_ReadPMA
                0x000000000800523a       0x9e Drivers/STM32F1xx_HAL_Driver/Src/stm32f1xx_ll_usb.o
                0x000000000800523a                USB_ReadPMA
 .text.USBD_HID_Init
                0x00000000080052d8       0x4e Middlewares/ST/STM32_USB_Device_Library/Class/HID/Src/usbd_hid.o
 .text.USBD_HID_DeInit
                0x0000000008005326       0x42 Middlewares/ST/STM32_USB_Device_Library/Class/HID/Src/usbd_hid.o
 .text.USBD_HID_Setup
                0x0000000008005368      0x1fc Middlewares/ST/STM32_USB_Device_Library/Class/HID/Src/usbd_hid.o
 .text.USBD_HID_SendReport
                0x0000000008005564       0x44 Middlewares/ST/STM32_USB_Device_Library/Class/HID/Src/usbd_hid.o
                0x0000000008005564                USBD_HID_SendReport
 .text.USBD_HID_GetFSCfgDesc
                0x00000000080055a8       0x20 Middlewares/ST/STM32_USB_Device_Library/Class/HID/Src/usbd_hid.o
 .text.USBD_HID_GetHSCfgDesc
                0x00000000080055c8       0x20 Middlewares/ST/STM32_USB_Device_Library/Class/HID/Src/usbd_hid.o
 .text.USBD_HID_GetOtherSpeedCfgDesc
                0x00000000080055e8       0x20 Middlewares/ST/STM32_USB_Device_Library/Class/HID/Src/usbd_hid.o
 .text.USBD_HID_DataIn
                0x0000000008005608       0x22 Middlewares/ST/STM32_USB_Device_Library/Class/HID/Src/usbd_hid.o
 *fill*         0x000000000800562a        0x2 
 .text.USBD_HID_GetDeviceQualifierDesc
                0x000000000800562c       0x20 Middlewares/ST/STM32_USB_Device_Library/Class/HID/Src/usbd_hid.o
 .text.USBD_Init
                0x000000000800564c       0x56 Middlewares/ST/STM32_USB_Device_Library/Core/Src/usbd_core.o
                0x000000000800564c                USBD_Init
 .text.USBD_RegisterClass
                0x00000000080056a2       0x32 Middlewares/ST/STM32_USB_Device_Library/Core/Src/usbd_core.o
                0x00000000080056a2                USBD_RegisterClass
 .text.USBD_Start
                0x00000000080056d4       0x18 Middlewares/ST/STM32_USB_Device_Library/Core/Src/usbd_core.o
                0x00000000080056d4                USBD_Start
 .text.USBD_RunTestMode
                0x00000000080056ec       0x14 Middlewares/ST/STM32_USB_Device_Library/Core/Src/usbd_core.o
                0x00000000080056ec                USBD_RunTestMode
 .text.USBD_SetClassConfig
                0x0000000008005700       0x3e Middlewares/ST/STM32_USB_Device_Library/Core/Src/usbd_core.o
                0x0000000008005700                USBD_SetClassConfig
 .text.USBD_ClrClassConfig
                0x000000000800573e       0x26 Middlewares/ST/STM32_USB_Device_Library/Core/Src/usbd_core.o
                0x000000000800573e                USBD_ClrClassConfig
 .text.USBD_LL_SetupStage
                0x0000000008005764       0x96 Middlewares/ST/STM32_USB_Device_Library/Core/Src/usbd_core.o
                0x0000000008005764                USBD_LL_SetupStage
 .text.USBD_LL_DataOutStage
                0x00000000080057fa       0xe2 Middlewares/ST/STM32_USB_Device_Library/Core/Src/usbd_core.o
                0x00000000080057fa                USBD_LL_DataOutStage
 .text.USBD_LL_DataInStage
                0x00000000080058dc      0x14a Middlewares/ST/STM32_USB_Device_Library/Core/Src/usbd_core.o
                0x00000000080058dc                USBD_LL_DataInStage
 .text.USBD_LL_Reset
                0x0000000008005a26       0x82 Middlewares/ST/STM32_USB_Device_Library/Core/Src/usbd_core.o
                0x0000000008005a26                USBD_LL_Reset
 .text.USBD_LL_SetSpeed
                0x0000000008005aa8       0x1e Middlewares/ST/STM32_USB_Device_Library/Core/Src/usbd_core.o
                0x0000000008005aa8                USBD_LL_SetSpeed
 .text.USBD_LL_Suspend
                0x0000000008005ac6       0x28 Middlewares/ST/STM32_USB_Device_Library/Core/Src/usbd_core.o
                0x0000000008005ac6                USBD_LL_Suspend
 .text.USBD_LL_Resume
                0x0000000008005aee       0x2a Middlewares/ST/STM32_USB_Device_Library/Core/Src/usbd_core.o
                0x0000000008005aee                USBD_LL_Resume
 .text.USBD_LL_SOF
                0x0000000008005b18       0x34 Middlewares/ST/STM32_USB_Device_Library/Core/Src/usbd_core.o
                0x0000000008005b18                USBD_LL_SOF
 .text.USBD_StdDevReq
                0x0000000008005b4c       0xd4 Middlewares/ST/STM32_USB_Device_Library/Core/Src/usbd_ctlreq.o
                0x0000000008005b4c                USBD_StdDevReq
 .text.USBD_StdItfReq
                0x0000000008005c20       0x8c Middlewares/ST/STM32_USB_Device_Library/Core/Src/usbd_ctlreq.o
                0x0000000008005c20                USBD_StdItfReq
 .text.USBD_StdEPReq
                0x0000000008005cac      0x2ba Middlewares/ST/STM32_USB_Device_Library/Core/Src/usbd_ctlreq.o
                0x0000000008005cac                USBD_StdEPReq
 *fill*         0x0000000008005f66        0x2 
 .text.USBD_GetDescriptor
                0x0000000008005f68      0x2d0 Middlewares/ST/STM32_USB_Device_Library/Core/Src/usbd_ctlreq.o
 .text.USBD_SetAddress
                0x0000000008006238       0x84 Middlewares/ST/STM32_USB_Device_Library/Core/Src/usbd_ctlreq.o
 .text.USBD_SetConfig
                0x00000000080062bc      0x11c Middlewares/ST/STM32_USB_Device_Library/Core/Src/usbd_ctlreq.o
 .text.USBD_GetConfig
                0x00000000080063d8       0x68 Middlewares/ST/STM32_USB_Device_Library/Core/Src/usbd_ctlreq.o
 .text.USBD_GetStatus
                0x0000000008006440       0x66 Middlewares/ST/STM32_USB_Device_Library/Core/Src/usbd_ctlreq.o
 .text.USBD_SetFeature
                0x00000000080064a6       0x28 Middlewares/ST/STM32_USB_Device_Library/Core/Src/usbd_ctlreq.o
 .text.USBD_ClrFeature
                0x00000000080064ce       0x42 Middlewares/ST/STM32_USB_Device_Library/Core/Src/usbd_ctlreq.o
 .text.USBD_ParseSetupRequest
                0x0000000008006510       0x78 Middlewares/ST/STM32_USB_Device_Library/Core/Src/usbd_ctlreq.o
                0x0000000008006510                USBD_ParseSetupRequest
 .text.USBD_CtlError
                0x0000000008006588       0x22 Middlewares/ST/STM32_USB_Device_Library/Core/Src/usbd_ctlreq.o
                0x0000000008006588                USBD_CtlError
 .text.USBD_GetString
                0x00000000080065aa       0x84 Middlewares/ST/STM32_USB_Device_Library/Core/Src/usbd_ctlreq.o
                0x00000000080065aa                USBD_GetString
 .text.USBD_GetLen
                0x000000000800662e       0x2e Middlewares/ST/STM32_USB_Device_Library/Core/Src/usbd_ctlreq.o
 .text.USBD_CtlSendData
                0x000000000800665c       0x38 Middlewares/ST/STM32_USB_Device_Library/Core/Src/usbd_ioreq.o
                0x000000000800665c                USBD_CtlSendData
 .text.USBD_CtlContinueSendData
                0x0000000008006694       0x24 Middlewares/ST/STM32_USB_Device_Library/Core/Src/usbd_ioreq.o
                0x0000000008006694                USBD_CtlContinueSendData
 .text.USBD_CtlContinueRx
                0x00000000080066b8       0x24 Middlewares/ST/STM32_USB_Device_Library/Core/Src/usbd_ioreq.o
                0x00000000080066b8                USBD_CtlContinueRx
 .text.USBD_CtlSendStatus
                0x00000000080066dc       0x26 Middlewares/ST/STM32_USB_Device_Library/Core/Src/usbd_ioreq.o
                0x00000000080066dc                USBD_CtlSendStatus
 .text.USBD_CtlReceiveStatus
                0x0000000008006702       0x26 Middlewares/ST/STM32_USB_Device_Library/Core/Src/usbd_ioreq.o
                0x0000000008006702                USBD_CtlReceiveStatus
 .text.MX_USB_DEVICE_Init
                0x0000000008006728       0x4c USB_DEVICE/App/usb_device.o
                0x0000000008006728                MX_USB_DEVICE_Init
 .text.USBD_FS_DeviceDescriptor
                0x0000000008006774       0x24 USB_DEVICE/App/usbd_desc.o
                0x0000000008006774                USBD_FS_DeviceDescriptor
 .text.USBD_FS_LangIDStrDescriptor
                0x0000000008006798       0x24 USB_DEVICE/App/usbd_desc.o
                0x0000000008006798                USBD_FS_LangIDStrDescriptor
 .text.USBD_FS_ProductStrDescriptor
                0x00000000080067bc       0x3c USB_DEVICE/App/usbd_desc.o
                0x00000000080067bc                USBD_FS_ProductStrDescriptor
 .text.USBD_FS_ManufacturerStrDescriptor
                0x00000000080067f8       0x28 USB_DEVICE/App/usbd_desc.o
                0x00000000080067f8                USBD_FS_ManufacturerStrDescriptor
 .text.USBD_FS_SerialStrDescriptor
                0x0000000008006820       0x24 USB_DEVICE/App/usbd_desc.o
                0x0000000008006820                USBD_FS_SerialStrDescriptor
 .text.USBD_FS_ConfigStrDescriptor
                0x0000000008006844       0x3c USB_DEVICE/App/usbd_desc.o
                0x0000000008006844                USBD_FS_ConfigStrDescriptor
 .text.USBD_FS_InterfaceStrDescriptor
                0x0000000008006880       0x3c USB_DEVICE/App/usbd_desc.o
                0x0000000008006880                USBD_FS_InterfaceStrDescriptor
 .text.Get_SerialNum
                0x00000000080068bc       0x58 USB_DEVICE/App/usbd_desc.o
 .text.IntToUnicode
                0x0000000008006914       0x7a USB_DEVICE/App/usbd_desc.o
 *fill*         0x000000000800698e        0x2 
 .text.HAL_PCD_MspInit
                0x0000000008006990       0x4c USB_DEVICE/Target/usbd_conf.o
                0x0000000008006990                HAL_PCD_MspInit
 .text.HAL_PCD_SetupStageCallback
                0x00000000080069dc       0x24 USB_DEVICE/Target/usbd_conf.o
                0x00000000080069dc                HAL_PCD_SetupStageCallback
 .text.HAL_PCD_DataOutStageCallback
                0x0000000008006a00       0x36 USB_DEVICE/Target/usbd_conf.o
                0x0000000008006a00                HAL_PCD_DataOutStageCallback
 .text.HAL_PCD_DataInStageCallback
                0x0000000008006a36       0x34 USB_DEVICE/Target/usbd_conf.o
                0x0000000008006a36                HAL_PCD_DataInStageCallback
 .text.HAL_PCD_SOFCallback
                0x0000000008006a6a       0x1c USB_DEVICE/Target/usbd_conf.o
                0x0000000008006a6a                HAL_PCD_SOFCallback
 .text.HAL_PCD_ResetCallback
                0x0000000008006a86       0x3c USB_DEVICE/Target/usbd_conf.o
                0x0000000008006a86                HAL_PCD_ResetCallback
 *fill*         0x0000000008006ac2        0x2 
 .text.HAL_PCD_SuspendCallback
                0x0000000008006ac4       0x34 USB_DEVICE/Target/usbd_conf.o
                0x0000000008006ac4                HAL_PCD_SuspendCallback
 .text.HAL_PCD_ResumeCallback
                0x0000000008006af8       0x1c USB_DEVICE/Target/usbd_conf.o
                0x0000000008006af8                HAL_PCD_ResumeCallback
 .text.USBD_LL_Init
                0x0000000008006b14       0x90 USB_DEVICE/Target/usbd_conf.o
                0x0000000008006b14                USBD_LL_Init
 .text.USBD_LL_Start
                0x0000000008006ba4       0x36 USB_DEVICE/Target/usbd_conf.o
                0x0000000008006ba4                USBD_LL_Start
 .text.USBD_LL_OpenEP
                0x0000000008006bda       0x4c USB_DEVICE/Target/usbd_conf.o
                0x0000000008006bda                USBD_LL_OpenEP
 .text.USBD_LL_CloseEP
                0x0000000008006c26       0x3e USB_DEVICE/Target/usbd_conf.o
                0x0000000008006c26                USBD_LL_CloseEP
 .text.USBD_LL_StallEP
                0x0000000008006c64       0x3e USB_DEVICE/Target/usbd_conf.o
                0x0000000008006c64                USBD_LL_StallEP
 .text.USBD_LL_ClearStallEP
                0x0000000008006ca2       0x3e USB_DEVICE/Target/usbd_conf.o
                0x0000000008006ca2                USBD_LL_ClearStallEP
 .text.USBD_LL_IsStallEP
                0x0000000008006ce0       0x58 USB_DEVICE/Target/usbd_conf.o
                0x0000000008006ce0                USBD_LL_IsStallEP
 .text.USBD_LL_SetUSBAddress
                0x0000000008006d38       0x3e USB_DEVICE/Target/usbd_conf.o
                0x0000000008006d38                USBD_LL_SetUSBAddress
 .text.USBD_LL_Transmit
                0x0000000008006d76       0x46 USB_DEVICE/Target/usbd_conf.o
                0x0000000008006d76                USBD_LL_Transmit
 .text.USBD_LL_PrepareReceive
                0x0000000008006dbc       0x46 USB_DEVICE/Target/usbd_conf.o
                0x0000000008006dbc                USBD_LL_PrepareReceive
 *fill*         0x0000000008006e02        0x2 
 .text.USBD_static_malloc
                0x0000000008006e04       0x18 USB_DEVICE/Target/usbd_conf.o
                0x0000000008006e04                USBD_static_malloc
 .text.USBD_static_free
                0x0000000008006e1c       0x12 USB_DEVICE/Target/usbd_conf.o
                0x0000000008006e1c                USBD_static_free
 .text.HAL_PCDEx_SetConnectionState
                0x0000000008006e2e       0x16 USB_DEVICE/Target/usbd_conf.o
                0x0000000008006e2e                HAL_PCDEx_SetConnectionState
 .text.USBD_Get_USB_Status
                0x0000000008006e44       0x58 USB_DEVICE/Target/usbd_conf.o
 .text.__libc_init_array
                0x0000000008006e9c       0x48 c:/st/stm32cubeide_1.5.1/stm32cubeide/plugins/com.st.stm32cube.ide.mcu.externaltools.gnu-tools-for-stm32.7-2018-q2-update.win32_1.5.0.202011040924/tools/bin/../lib/gcc/arm-none-eabi/7.3.1/../../../../arm-none-eabi/lib/thumb/v7-m\libc_nano.a(lib_a-init.o)
                0x0000000008006e9c                __libc_init_array
 .text.memset   0x0000000008006ee4       0x10 c:/st/stm32cubeide_1.5.1/stm32cubeide/plugins/com.st.stm32cube.ide.mcu.externaltools.gnu-tools-for-stm32.7-2018-q2-update.win32_1.5.0.202011040924/tools/bin/../lib/gcc/arm-none-eabi/7.3.1/../../../../arm-none-eabi/lib/thumb/v7-m\libc_nano.a(lib_a-memset.o)
                0x0000000008006ee4                memset
 *(.glue_7)
 .glue_7        0x0000000008006ef4        0x0 linker stubs
 *(.glue_7t)
 .glue_7t       0x0000000008006ef4        0x0 linker stubs
 *(.eh_frame)
 .eh_frame      0x0000000008006ef4        0x0 c:/st/stm32cubeide_1.5.1/stm32cubeide/plugins/com.st.stm32cube.ide.mcu.externaltools.gnu-tools-for-stm32.7-2018-q2-update.win32_1.5.0.202011040924/tools/bin/../lib/gcc/arm-none-eabi/7.3.1/thumb/v7-m/crtbegin.o
 *(.init)
 .init          0x0000000008006ef4        0x4 c:/st/stm32cubeide_1.5.1/stm32cubeide/plugins/com.st.stm32cube.ide.mcu.externaltools.gnu-tools-for-stm32.7-2018-q2-update.win32_1.5.0.202011040924/tools/bin/../lib/gcc/arm-none-eabi/7.3.1/thumb/v7-m/crti.o
                0x0000000008006ef4                _init
 .init          0x0000000008006ef8        0x8 c:/st/stm32cubeide_1.5.1/stm32cubeide/plugins/com.st.stm32cube.ide.mcu.externaltools.gnu-tools-for-stm32.7-2018-q2-update.win32_1.5.0.202011040924/tools/bin/../lib/gcc/arm-none-eabi/7.3.1/thumb/v7-m/crtn.o
 *(.fini)
 .fini          0x0000000008006f00        0x4 c:/st/stm32cubeide_1.5.1/stm32cubeide/plugins/com.st.stm32cube.ide.mcu.externaltools.gnu-tools-for-stm32.7-2018-q2-update.win32_1.5.0.202011040924/tools/bin/../lib/gcc/arm-none-eabi/7.3.1/thumb/v7-m/crti.o
                0x0000000008006f00                _fini
 .fini          0x0000000008006f04        0x8 c:/st/stm32cubeide_1.5.1/stm32cubeide/plugins/com.st.stm32cube.ide.mcu.externaltools.gnu-tools-for-stm32.7-2018-q2-update.win32_1.5.0.202011040924/tools/bin/../lib/gcc/arm-none-eabi/7.3.1/thumb/v7-m/crtn.o
                0x0000000008006f0c                . = ALIGN (0x4)
                0x0000000008006f0c                _etext = .

.vfp11_veneer   0x0000000008006f0c        0x0
 .vfp11_veneer  0x0000000008006f0c        0x0 linker stubs

.v4_bx          0x0000000008006f0c        0x0
 .v4_bx         0x0000000008006f0c        0x0 linker stubs

.iplt           0x0000000008006f0c        0x0
 .iplt          0x0000000008006f0c        0x0 c:/st/stm32cubeide_1.5.1/stm32cubeide/plugins/com.st.stm32cube.ide.mcu.externaltools.gnu-tools-for-stm32.7-2018-q2-update.win32_1.5.0.202011040924/tools/bin/../lib/gcc/arm-none-eabi/7.3.1/thumb/v7-m/crtbegin.o

.rodata         0x0000000008006f0c       0x6c
                0x0000000008006f0c                . = ALIGN (0x4)
 *(.rodata)
 .rodata        0x0000000008006f0c       0x12 Drivers/STM32F1xx_HAL_Driver/Src/stm32f1xx_hal_rcc.o
 *fill*         0x0000000008006f1e        0x2 
 .rodata        0x0000000008006f20       0x46 USB_DEVICE/App/usbd_desc.o
 *(.rodata*)
 *fill*         0x0000000008006f66        0x2 
 .rodata.AHBPrescTable
                0x0000000008006f68       0x10 Core/Src/system_stm32f1xx.o
                0x0000000008006f68                AHBPrescTable
                0x0000000008006f78                . = ALIGN (0x4)

.rel.dyn        0x0000000008006f78        0x0
 .rel.iplt      0x0000000008006f78        0x0 c:/st/stm32cubeide_1.5.1/stm32cubeide/plugins/com.st.stm32cube.ide.mcu.externaltools.gnu-tools-for-stm32.7-2018-q2-update.win32_1.5.0.202011040924/tools/bin/../lib/gcc/arm-none-eabi/7.3.1/thumb/v7-m/crtbegin.o

.ARM.extab      0x0000000008006f78        0x0
                0x0000000008006f78                . = ALIGN (0x4)
 *(.ARM.extab* .gnu.linkonce.armextab.*)
                0x0000000008006f78                . = ALIGN (0x4)

.ARM            0x0000000008006f78        0x0
                0x0000000008006f78                . = ALIGN (0x4)
                0x0000000008006f78                __exidx_start = .
 *(.ARM.exidx*)
                0x0000000008006f78                __exidx_end = .
                0x0000000008006f78                . = ALIGN (0x4)

.preinit_array  0x0000000008006f78        0x0
                0x0000000008006f78                . = ALIGN (0x4)
                0x0000000008006f78                PROVIDE (__preinit_array_start = .)
 *(.preinit_array*)
                0x0000000008006f78                PROVIDE (__preinit_array_end = .)
                0x0000000008006f78                . = ALIGN (0x4)

.init_array     0x0000000008006f78        0x4
                0x0000000008006f78                . = ALIGN (0x4)
                0x0000000008006f78                PROVIDE (__init_array_start = .)
 *(SORT_BY_NAME(.init_array.*))
 *(.init_array*)
 .init_array    0x0000000008006f78        0x4 c:/st/stm32cubeide_1.5.1/stm32cubeide/plugins/com.st.stm32cube.ide.mcu.externaltools.gnu-tools-for-stm32.7-2018-q2-update.win32_1.5.0.202011040924/tools/bin/../lib/gcc/arm-none-eabi/7.3.1/thumb/v7-m/crtbegin.o
                0x0000000008006f7c                PROVIDE (__init_array_end = .)
                0x0000000008006f7c                . = ALIGN (0x4)

.fini_array     0x0000000008006f7c        0x4
                0x0000000008006f7c                . = ALIGN (0x4)
                [!provide]                        PROVIDE (__fini_array_start = .)
 *(SORT_BY_NAME(.fini_array.*))
 *(.fini_array*)
 .fini_array    0x0000000008006f7c        0x4 c:/st/stm32cubeide_1.5.1/stm32cubeide/plugins/com.st.stm32cube.ide.mcu.externaltools.gnu-tools-for-stm32.7-2018-q2-update.win32_1.5.0.202011040924/tools/bin/../lib/gcc/arm-none-eabi/7.3.1/thumb/v7-m/crtbegin.o
                [!provide]                        PROVIDE (__fini_array_end = .)
                0x0000000008006f80                . = ALIGN (0x4)
                0x0000000008006f80                _sidata = LOADADDR (.data)

.data           0x0000000020000000      0x164 load address 0x0000000008006f80
                0x0000000020000000                . = ALIGN (0x4)
                0x0000000020000000                _sdata = .
 *(.data)
 *(.data*)
 .data.SystemCoreClock
                0x0000000020000000        0x4 Core/Src/system_stm32f1xx.o
                0x0000000020000000                SystemCoreClock
 .data.uwTickPrio
                0x0000000020000004        0x4 Drivers/STM32F1xx_HAL_Driver/Src/stm32f1xx_hal.o
                0x0000000020000004                uwTickPrio
 .data.uwTickFreq
                0x0000000020000008        0x1 Drivers/STM32F1xx_HAL_Driver/Src/stm32f1xx_hal.o
                0x0000000020000008                uwTickFreq
 *fill*         0x0000000020000009        0x3 
 .data.USBD_HID
                0x000000002000000c       0x38 Middlewares/ST/STM32_USB_Device_Library/Class/HID/Src/usbd_hid.o
                0x000000002000000c                USBD_HID
 .data.USBD_HID_CfgFSDesc
                0x0000000020000044       0x22 Middlewares/ST/STM32_USB_Device_Library/Class/HID/Src/usbd_hid.o
 *fill*         0x0000000020000066        0x2 
 .data.USBD_HID_CfgHSDesc
                0x0000000020000068       0x22 Middlewares/ST/STM32_USB_Device_Library/Class/HID/Src/usbd_hid.o
 *fill*         0x000000002000008a        0x2 
 .data.USBD_HID_OtherSpeedCfgDesc
                0x000000002000008c       0x22 Middlewares/ST/STM32_USB_Device_Library/Class/HID/Src/usbd_hid.o
 *fill*         0x00000000200000ae        0x2 
 .data.USBD_HID_Desc
                0x00000000200000b0        0x9 Middlewares/ST/STM32_USB_Device_Library/Class/HID/Src/usbd_hid.o
 *fill*         0x00000000200000b9        0x3 
 .data.USBD_HID_DeviceQualifierDesc
                0x00000000200000bc        0xa Middlewares/ST/STM32_USB_Device_Library/Class/HID/Src/usbd_hid.o
 *fill*         0x00000000200000c6        0x2 
 .data.HID_MOUSE_ReportDesc
                0x00000000200000c8       0x4a Middlewares/ST/STM32_USB_Device_Library/Class/HID/Src/usbd_hid.o
 *fill*         0x0000000020000112        0x2 
 .data.FS_Desc  0x0000000020000114       0x1c USB_DEVICE/App/usbd_desc.o
                0x0000000020000114                FS_Desc
 .data.USBD_FS_DeviceDesc
                0x0000000020000130       0x12 USB_DEVICE/App/usbd_desc.o
                0x0000000020000130                USBD_FS_DeviceDesc
 *fill*         0x0000000020000142        0x2 
 .data.USBD_LangIDDesc
                0x0000000020000144        0x4 USB_DEVICE/App/usbd_desc.o
                0x0000000020000144                USBD_LangIDDesc
 .data.USBD_StringSerial
                0x0000000020000148       0x1a USB_DEVICE/App/usbd_desc.o
                0x0000000020000148                USBD_StringSerial
 *(.RamFunc)
 *(.RamFunc*)
                0x0000000020000164                . = ALIGN (0x4)
 *fill*         0x0000000020000162        0x2 
                0x0000000020000164                _edata = .

.igot.plt       0x0000000020000164        0x0 load address 0x00000000080070e4
 .igot.plt      0x0000000020000164        0x0 c:/st/stm32cubeide_1.5.1/stm32cubeide/plugins/com.st.stm32cube.ide.mcu.externaltools.gnu-tools-for-stm32.7-2018-q2-update.win32_1.5.0.202011040924/tools/bin/../lib/gcc/arm-none-eabi/7.3.1/thumb/v7-m/crtbegin.o
                0x0000000020000164                . = ALIGN (0x4)

.bss            0x0000000020000164      0x7f0 load address 0x00000000080070e4
                0x0000000020000164                _sbss = .
                0x0000000020000164                __bss_start__ = _sbss
 *(.bss)
 .bss           0x0000000020000164       0x1c c:/st/stm32cubeide_1.5.1/stm32cubeide/plugins/com.st.stm32cube.ide.mcu.externaltools.gnu-tools-for-stm32.7-2018-q2-update.win32_1.5.0.202011040924/tools/bin/../lib/gcc/arm-none-eabi/7.3.1/thumb/v7-m/crtbegin.o
 *(.bss*)
 .bss.HIDkeyBoard
                0x0000000020000180        0x8 Core/Src/main.o
                0x0000000020000180                HIDkeyBoard
 .bss.cfgidx.7629
                0x0000000020000188        0x1 Middlewares/ST/STM32_USB_Device_Library/Core/Src/usbd_ctlreq.o
 *fill*         0x0000000020000189        0x3 
 .bss.mem.7669  0x000000002000018c       0x14 USB_DEVICE/Target/usbd_conf.o
 *(COMMON)
 COMMON         0x00000000200001a0        0x4 Drivers/STM32F1xx_HAL_Driver/Src/stm32f1xx_hal.o
                0x00000000200001a0                uwTick
 COMMON         0x00000000200001a4      0x2c4 USB_DEVICE/App/usb_device.o
                0x00000000200001a4                hUsbDeviceFS
 COMMON         0x0000000020000468      0x200 USB_DEVICE/App/usbd_desc.o
                0x0000000020000468                USBD_StrDesc
 COMMON         0x0000000020000668      0x2ec USB_DEVICE/Target/usbd_conf.o
                0x0000000020000668                hpcd_USB_FS
                0x0000000020000954                . = ALIGN (0x4)
                0x0000000020000954                _ebss = .
                0x0000000020000954                __bss_end__ = _ebss

._user_heap_stack
                0x0000000020000954      0x604 load address 0x00000000080070e4
                0x0000000020000958                . = ALIGN (0x8)
 *fill*         0x0000000020000954        0x4 
                [!provide]                        PROVIDE (end = .)
                0x0000000020000958                PROVIDE (_end = .)
                0x0000000020000b58                . = (. + _Min_Heap_Size)
 *fill*         0x0000000020000958      0x200 
                0x0000000020000f58                . = (. + _Min_Stack_Size)
 *fill*         0x0000000020000b58      0x400 
                0x0000000020000f58                . = ALIGN (0x8)

/DISCARD/
 libc.a(*)
 libm.a(*)
 libgcc.a(*)

.ARM.attributes
                0x0000000000000000       0x29
 *(.ARM.attributes)
 .ARM.attributes
                0x0000000000000000       0x1d c:/st/stm32cubeide_1.5.1/stm32cubeide/plugins/com.st.stm32cube.ide.mcu.externaltools.gnu-tools-for-stm32.7-2018-q2-update.win32_1.5.0.202011040924/tools/bin/../lib/gcc/arm-none-eabi/7.3.1/thumb/v7-m/crti.o
 .ARM.attributes
                0x000000000000001d       0x2d c:/st/stm32cubeide_1.5.1/stm32cubeide/plugins/com.st.stm32cube.ide.mcu.externaltools.gnu-tools-for-stm32.7-2018-q2-update.win32_1.5.0.202011040924/tools/bin/../lib/gcc/arm-none-eabi/7.3.1/thumb/v7-m/crtbegin.o
 .ARM.attributes
                0x000000000000004a       0x33 Core/Src/main.o
 .ARM.attributes
                0x000000000000007d       0x33 Core/Src/stm32f1xx_hal_msp.o
 .ARM.attributes
                0x00000000000000b0       0x33 Core/Src/stm32f1xx_it.o
 .ARM.attributes
                0x00000000000000e3       0x33 Core/Src/system_stm32f1xx.o
 .ARM.attributes
                0x0000000000000116       0x21 Core/Startup/startup_stm32f103c8tx.o
 .ARM.attributes
                0x0000000000000137       0x33 Drivers/STM32F1xx_HAL_Driver/Src/stm32f1xx_hal.o
 .ARM.attributes
                0x000000000000016a       0x33 Drivers/STM32F1xx_HAL_Driver/Src/stm32f1xx_hal_cortex.o
 .ARM.attributes
                0x000000000000019d       0x33 Drivers/STM32F1xx_HAL_Driver/Src/stm32f1xx_hal_gpio.o
 .ARM.attributes
                0x00000000000001d0       0x33 Drivers/STM32F1xx_HAL_Driver/Src/stm32f1xx_hal_pcd.o
 .ARM.attributes
                0x0000000000000203       0x33 Drivers/STM32F1xx_HAL_Driver/Src/stm32f1xx_hal_pcd_ex.o
 .ARM.attributes
                0x0000000000000236       0x33 Drivers/STM32F1xx_HAL_Driver/Src/stm32f1xx_hal_rcc.o
 .ARM.attributes
                0x0000000000000269       0x33 Drivers/STM32F1xx_HAL_Driver/Src/stm32f1xx_hal_rcc_ex.o
 .ARM.attributes
                0x000000000000029c       0x33 Drivers/STM32F1xx_HAL_Driver/Src/stm32f1xx_ll_usb.o
 .ARM.attributes
                0x00000000000002cf       0x33 Middlewares/ST/STM32_USB_Device_Library/Class/HID/Src/usbd_hid.o
 .ARM.attributes
                0x0000000000000302       0x33 Middlewares/ST/STM32_USB_Device_Library/Core/Src/usbd_core.o
 .ARM.attributes
                0x0000000000000335       0x33 Middlewares/ST/STM32_USB_Device_Library/Core/Src/usbd_ctlreq.o
 .ARM.attributes
                0x0000000000000368       0x33 Middlewares/ST/STM32_USB_Device_Library/Core/Src/usbd_ioreq.o
 .ARM.attributes
                0x000000000000039b       0x33 USB_DEVICE/App/usb_device.o
 .ARM.attributes
                0x00000000000003ce       0x33 USB_DEVICE/App/usbd_desc.o
 .ARM.attributes
                0x0000000000000401       0x33 USB_DEVICE/Target/usbd_conf.o
 .ARM.attributes
                0x0000000000000434       0x2d c:/st/stm32cubeide_1.5.1/stm32cubeide/plugins/com.st.stm32cube.ide.mcu.externaltools.gnu-tools-for-stm32.7-2018-q2-update.win32_1.5.0.202011040924/tools/bin/../lib/gcc/arm-none-eabi/7.3.1/../../../../arm-none-eabi/lib/thumb/v7-m\libc_nano.a(lib_a-init.o)
 .ARM.attributes
                0x0000000000000461       0x2d c:/st/stm32cubeide_1.5.1/stm32cubeide/plugins/com.st.stm32cube.ide.mcu.externaltools.gnu-tools-for-stm32.7-2018-q2-update.win32_1.5.0.202011040924/tools/bin/../lib/gcc/arm-none-eabi/7.3.1/../../../../arm-none-eabi/lib/thumb/v7-m\libc_nano.a(lib_a-memset.o)
 .ARM.attributes
                0x000000000000048e       0x1d c:/st/stm32cubeide_1.5.1/stm32cubeide/plugins/com.st.stm32cube.ide.mcu.externaltools.gnu-tools-for-stm32.7-2018-q2-update.win32_1.5.0.202011040924/tools/bin/../lib/gcc/arm-none-eabi/7.3.1/thumb/v7-m/crtn.o
OUTPUT(projeteteste.elf elf32-littlearm)

.debug_info     0x0000000000000000     0xf36c
 .debug_info    0x0000000000000000     0x11a6 Core/Src/main.o
 .debug_info    0x00000000000011a6      0x2d6 Core/Src/stm32f1xx_hal_msp.o
 .debug_info    0x000000000000147c      0x6a8 Core/Src/stm32f1xx_it.o
 .debug_info    0x0000000000001b24      0x29a Core/Src/system_stm32f1xx.o
 .debug_info    0x0000000000001dbe       0x22 Core/Startup/startup_stm32f103c8tx.o
 .debug_info    0x0000000000001de0      0x714 Drivers/STM32F1xx_HAL_Driver/Src/stm32f1xx_hal.o
 .debug_info    0x00000000000024f4      0xb51 Drivers/STM32F1xx_HAL_Driver/Src/stm32f1xx_hal_cortex.o
 .debug_info    0x0000000000003045      0x69b Drivers/STM32F1xx_HAL_Driver/Src/stm32f1xx_hal_gpio.o
 .debug_info    0x00000000000036e0     0x13f3 Drivers/STM32F1xx_HAL_Driver/Src/stm32f1xx_hal_pcd.o
 .debug_info    0x0000000000004ad3      0x787 Drivers/STM32F1xx_HAL_Driver/Src/stm32f1xx_hal_pcd_ex.o
 .debug_info    0x000000000000525a      0x80f Drivers/STM32F1xx_HAL_Driver/Src/stm32f1xx_hal_rcc.o
 .debug_info    0x0000000000005a69      0x444 Drivers/STM32F1xx_HAL_Driver/Src/stm32f1xx_hal_rcc_ex.o
 .debug_info    0x0000000000005ead     0x18b3 Drivers/STM32F1xx_HAL_Driver/Src/stm32f1xx_ll_usb.o
 .debug_info    0x0000000000007760     0x113a Middlewares/ST/STM32_USB_Device_Library/Class/HID/Src/usbd_hid.o
 .debug_info    0x000000000000889a     0x11d2 Middlewares/ST/STM32_USB_Device_Library/Core/Src/usbd_core.o
 .debug_info    0x0000000000009a6c     0x1142 Middlewares/ST/STM32_USB_Device_Library/Core/Src/usbd_ctlreq.o
 .debug_info    0x000000000000abae      0xf33 Middlewares/ST/STM32_USB_Device_Library/Core/Src/usbd_ioreq.o
 .debug_info    0x000000000000bae1      0xdc8 USB_DEVICE/App/usb_device.o
 .debug_info    0x000000000000c8a9      0xd17 USB_DEVICE/App/usbd_desc.o
 .debug_info    0x000000000000d5c0     0x1dac USB_DEVICE/Target/usbd_conf.o

.debug_abbrev   0x0000000000000000     0x2667
 .debug_abbrev  0x0000000000000000      0x260 Core/Src/main.o
 .debug_abbrev  0x0000000000000260      0x109 Core/Src/stm32f1xx_hal_msp.o
 .debug_abbrev  0x0000000000000369      0x155 Core/Src/stm32f1xx_it.o
 .debug_abbrev  0x00000000000004be      0x134 Core/Src/system_stm32f1xx.o
 .debug_abbrev  0x00000000000005f2       0x12 Core/Startup/startup_stm32f103c8tx.o
 .debug_abbrev  0x0000000000000604      0x1c7 Drivers/STM32F1xx_HAL_Driver/Src/stm32f1xx_hal.o
 .debug_abbrev  0x00000000000007cb      0x2d5 Drivers/STM32F1xx_HAL_Driver/Src/stm32f1xx_hal_cortex.o
 .debug_abbrev  0x0000000000000aa0      0x1c0 Drivers/STM32F1xx_HAL_Driver/Src/stm32f1xx_hal_gpio.o
 .debug_abbrev  0x0000000000000c60      0x268 Drivers/STM32F1xx_HAL_Driver/Src/stm32f1xx_hal_pcd.o
 .debug_abbrev  0x0000000000000ec8      0x188 Drivers/STM32F1xx_HAL_Driver/Src/stm32f1xx_hal_pcd_ex.o
 .debug_abbrev  0x0000000000001050      0x243 Drivers/STM32F1xx_HAL_Driver/Src/stm32f1xx_hal_rcc.o
 .debug_abbrev  0x0000000000001293      0x175 Drivers/STM32F1xx_HAL_Driver/Src/stm32f1xx_hal_rcc_ex.o
 .debug_abbrev  0x0000000000001408      0x1d2 Drivers/STM32F1xx_HAL_Driver/Src/stm32f1xx_ll_usb.o
 .debug_abbrev  0x00000000000015da      0x27d Middlewares/ST/STM32_USB_Device_Library/Class/HID/Src/usbd_hid.o
 .debug_abbrev  0x0000000000001857      0x270 Middlewares/ST/STM32_USB_Device_Library/Core/Src/usbd_core.o
 .debug_abbrev  0x0000000000001ac7      0x2a0 Middlewares/ST/STM32_USB_Device_Library/Core/Src/usbd_ctlreq.o
 .debug_abbrev  0x0000000000001d67      0x1e0 Middlewares/ST/STM32_USB_Device_Library/Core/Src/usbd_ioreq.o
 .debug_abbrev  0x0000000000001f47      0x1b5 USB_DEVICE/App/usb_device.o
 .debug_abbrev  0x00000000000020fc      0x290 USB_DEVICE/App/usbd_desc.o
 .debug_abbrev  0x000000000000238c      0x2db USB_DEVICE/Target/usbd_conf.o

.debug_aranges  0x0000000000000000      0x9f8
 .debug_aranges
                0x0000000000000000       0x38 Core/Src/main.o
 .debug_aranges
                0x0000000000000038       0x20 Core/Src/stm32f1xx_hal_msp.o
 .debug_aranges
                0x0000000000000058       0x68 Core/Src/stm32f1xx_it.o
 .debug_aranges
                0x00000000000000c0       0x28 Core/Src/system_stm32f1xx.o
 .debug_aranges
                0x00000000000000e8       0x28 Core/Startup/startup_stm32f103c8tx.o
 .debug_aranges
                0x0000000000000110       0xe0 Drivers/STM32F1xx_HAL_Driver/Src/stm32f1xx_hal.o
 .debug_aranges
                0x00000000000001f0      0x100 Drivers/STM32F1xx_HAL_Driver/Src/stm32f1xx_hal_cortex.o
 .debug_aranges
                0x00000000000002f0       0x58 Drivers/STM32F1xx_HAL_Driver/Src/stm32f1xx_hal_gpio.o
 .debug_aranges
                0x0000000000000348      0x138 Drivers/STM32F1xx_HAL_Driver/Src/stm32f1xx_hal_pcd.o
 .debug_aranges
                0x0000000000000480       0x38 Drivers/STM32F1xx_HAL_Driver/Src/stm32f1xx_hal_pcd_ex.o
 .debug_aranges
                0x00000000000004b8       0x90 Drivers/STM32F1xx_HAL_Driver/Src/stm32f1xx_hal_rcc.o
 .debug_aranges
                0x0000000000000548       0x30 Drivers/STM32F1xx_HAL_Driver/Src/stm32f1xx_hal_rcc_ex.o
 .debug_aranges
                0x0000000000000578       0xf0 Drivers/STM32F1xx_HAL_Driver/Src/stm32f1xx_ll_usb.o
 .debug_aranges
                0x0000000000000668       0x68 Middlewares/ST/STM32_USB_Device_Library/Class/HID/Src/usbd_hid.o
 .debug_aranges
                0x00000000000006d0       0xb8 Middlewares/ST/STM32_USB_Device_Library/Core/Src/usbd_core.o
 .debug_aranges
                0x0000000000000788       0x88 Middlewares/ST/STM32_USB_Device_Library/Core/Src/usbd_ctlreq.o
 .debug_aranges
                0x0000000000000810       0x50 Middlewares/ST/STM32_USB_Device_Library/Core/Src/usbd_ioreq.o
 .debug_aranges
                0x0000000000000860       0x20 USB_DEVICE/App/usb_device.o
 .debug_aranges
                0x0000000000000880       0x60 USB_DEVICE/App/usbd_desc.o
 .debug_aranges
                0x00000000000008e0      0x118 USB_DEVICE/Target/usbd_conf.o

.debug_ranges   0x0000000000000000      0x8c0
 .debug_ranges  0x0000000000000000       0x28 Core/Src/main.o
 .debug_ranges  0x0000000000000028       0x10 Core/Src/stm32f1xx_hal_msp.o
 .debug_ranges  0x0000000000000038       0x58 Core/Src/stm32f1xx_it.o
 .debug_ranges  0x0000000000000090       0x18 Core/Src/system_stm32f1xx.o
 .debug_ranges  0x00000000000000a8       0x20 Core/Startup/startup_stm32f103c8tx.o
 .debug_ranges  0x00000000000000c8       0xd0 Drivers/STM32F1xx_HAL_Driver/Src/stm32f1xx_hal.o
 .debug_ranges  0x0000000000000198       0xf0 Drivers/STM32F1xx_HAL_Driver/Src/stm32f1xx_hal_cortex.o
 .debug_ranges  0x0000000000000288       0x48 Drivers/STM32F1xx_HAL_Driver/Src/stm32f1xx_hal_gpio.o
 .debug_ranges  0x00000000000002d0      0x128 Drivers/STM32F1xx_HAL_Driver/Src/stm32f1xx_hal_pcd.o
 .debug_ranges  0x00000000000003f8       0x28 Drivers/STM32F1xx_HAL_Driver/Src/stm32f1xx_hal_pcd_ex.o
 .debug_ranges  0x0000000000000420       0x80 Drivers/STM32F1xx_HAL_Driver/Src/stm32f1xx_hal_rcc.o
 .debug_ranges  0x00000000000004a0       0x20 Drivers/STM32F1xx_HAL_Driver/Src/stm32f1xx_hal_rcc_ex.o
 .debug_ranges  0x00000000000004c0       0xe0 Drivers/STM32F1xx_HAL_Driver/Src/stm32f1xx_ll_usb.o
 .debug_ranges  0x00000000000005a0       0x58 Middlewares/ST/STM32_USB_Device_Library/Class/HID/Src/usbd_hid.o
 .debug_ranges  0x00000000000005f8       0xa8 Middlewares/ST/STM32_USB_Device_Library/Core/Src/usbd_core.o
 .debug_ranges  0x00000000000006a0       0x78 Middlewares/ST/STM32_USB_Device_Library/Core/Src/usbd_ctlreq.o
 .debug_ranges  0x0000000000000718       0x40 Middlewares/ST/STM32_USB_Device_Library/Core/Src/usbd_ioreq.o
 .debug_ranges  0x0000000000000758       0x10 USB_DEVICE/App/usb_device.o
 .debug_ranges  0x0000000000000768       0x50 USB_DEVICE/App/usbd_desc.o
 .debug_ranges  0x00000000000007b8      0x108 USB_DEVICE/Target/usbd_conf.o

.debug_macro    0x0000000000000000    0x191b8
 .debug_macro   0x0000000000000000      0x3f3 Core/Src/main.o
 .debug_macro   0x00000000000003f3      0xa5a Core/Src/main.o
 .debug_macro   0x0000000000000e4d      0x215 Core/Src/main.o
 .debug_macro   0x0000000000001062       0x2e Core/Src/main.o
 .debug_macro   0x0000000000001090       0x22 Core/Src/main.o
 .debug_macro   0x00000000000010b2       0x22 Core/Src/main.o
 .debug_macro   0x00000000000010d4       0x8e Core/Src/main.o
 .debug_macro   0x0000000000001162       0x51 Core/Src/main.o
 .debug_macro   0x00000000000011b3       0xef Core/Src/main.o
 .debug_macro   0x00000000000012a2       0x6a Core/Src/main.o
 .debug_macro   0x000000000000130c      0x1df Core/Src/main.o
 .debug_macro   0x00000000000014eb       0x1c Core/Src/main.o
 .debug_macro   0x0000000000001507       0x22 Core/Src/main.o
 .debug_macro   0x0000000000001529       0xc3 Core/Src/main.o
 .debug_macro   0x00000000000015ec      0xd23 Core/Src/main.o
 .debug_macro   0x000000000000230f     0xe09e Core/Src/main.o
 .debug_macro   0x00000000000103ad       0x6d Core/Src/main.o
 .debug_macro   0x000000000001041a     0x3468 Core/Src/main.o
 .debug_macro   0x0000000000013882      0x174 Core/Src/main.o
 .debug_macro   0x00000000000139f6       0x5c Core/Src/main.o
 .debug_macro   0x0000000000013a52      0x5be Core/Src/main.o
 .debug_macro   0x0000000000014010      0x289 Core/Src/main.o
 .debug_macro   0x0000000000014299      0x1cb Core/Src/main.o
 .debug_macro   0x0000000000014464      0x114 Core/Src/main.o
 .debug_macro   0x0000000000014578      0x1b2 Core/Src/main.o
 .debug_macro   0x000000000001472a       0x27 Core/Src/main.o
 .debug_macro   0x0000000000014751      0x136 Core/Src/main.o
 .debug_macro   0x0000000000014887      0x1bc Core/Src/main.o
 .debug_macro   0x0000000000014a43       0x34 Core/Src/main.o
 .debug_macro   0x0000000000014a77       0x3c Core/Src/main.o
 .debug_macro   0x0000000000014ab3       0x57 Core/Src/main.o
 .debug_macro   0x0000000000014b0a       0x88 Core/Src/main.o
 .debug_macro   0x0000000000014b92      0x241 Core/Src/main.o
 .debug_macro   0x0000000000014dd3      0x141 Core/Src/main.o
 .debug_macro   0x0000000000014f14       0x65 Core/Src/main.o
 .debug_macro   0x0000000000014f79      0x249 Core/Src/main.o
 .debug_macro   0x00000000000151c2       0x83 Core/Src/main.o
 .debug_macro   0x0000000000015245       0x46 Core/Src/main.o
 .debug_macro   0x000000000001528b       0x18 Core/Src/main.o
 .debug_macro   0x00000000000152a3       0x3c Core/Src/main.o
 .debug_macro   0x00000000000152df       0x34 Core/Src/main.o
 .debug_macro   0x0000000000015313       0x16 Core/Src/main.o
 .debug_macro   0x0000000000015329       0x35 Core/Src/main.o
 .debug_macro   0x000000000001535e      0x32a Core/Src/main.o
 .debug_macro   0x0000000000015688       0x10 Core/Src/main.o
 .debug_macro   0x0000000000015698       0x52 Core/Src/main.o
 .debug_macro   0x00000000000156ea       0x1f Core/Src/main.o
 .debug_macro   0x0000000000015709       0x43 Core/Src/main.o
 .debug_macro   0x000000000001574c       0x20 Core/Src/main.o
 .debug_macro   0x000000000001576c      0x1a3 Core/Src/main.o
 .debug_macro   0x000000000001590f       0x10 Core/Src/main.o
 .debug_macro   0x000000000001591f       0x1c Core/Src/main.o
 .debug_macro   0x000000000001593b       0x52 Core/Src/main.o
 .debug_macro   0x000000000001598d       0x40 Core/Src/main.o
 .debug_macro   0x00000000000159cd       0x10 Core/Src/main.o
 .debug_macro   0x00000000000159dd       0x40 Core/Src/main.o
 .debug_macro   0x0000000000015a1d       0xd7 Core/Src/main.o
 .debug_macro   0x0000000000015af4       0x1c Core/Src/main.o
 .debug_macro   0x0000000000015b10       0x3d Core/Src/main.o
 .debug_macro   0x0000000000015b4d       0x16 Core/Src/main.o
 .debug_macro   0x0000000000015b63      0x145 Core/Src/main.o
 .debug_macro   0x0000000000015ca8       0x16 Core/Src/main.o
 .debug_macro   0x0000000000015cbe       0x16 Core/Src/main.o
 .debug_macro   0x0000000000015cd4       0x29 Core/Src/main.o
 .debug_macro   0x0000000000015cfd       0x16 Core/Src/main.o
 .debug_macro   0x0000000000015d13       0x20 Core/Src/main.o
 .debug_macro   0x0000000000015d33       0x60 Core/Src/main.o
 .debug_macro   0x0000000000015d93      0x1c8 Core/Src/main.o
 .debug_macro   0x0000000000015f5b       0x5e Core/Src/main.o
 .debug_macro   0x0000000000015fb9      0x1b2 Core/Src/stm32f1xx_hal_msp.o
 .debug_macro   0x000000000001616b      0x1bc Core/Src/stm32f1xx_it.o
 .debug_macro   0x0000000000016327      0x1a8 Core/Src/system_stm32f1xx.o
 .debug_macro   0x00000000000164cf      0x1cc Drivers/STM32F1xx_HAL_Driver/Src/stm32f1xx_hal.o
 .debug_macro   0x000000000001669b      0x1a8 Drivers/STM32F1xx_HAL_Driver/Src/stm32f1xx_hal_cortex.o
 .debug_macro   0x0000000000016843      0x213 Drivers/STM32F1xx_HAL_Driver/Src/stm32f1xx_hal_gpio.o
 .debug_macro   0x0000000000016a56      0x1b4 Drivers/STM32F1xx_HAL_Driver/Src/stm32f1xx_hal_pcd.o
 .debug_macro   0x0000000000016c0a      0x1a8 Drivers/STM32F1xx_HAL_Driver/Src/stm32f1xx_hal_pcd_ex.o
 .debug_macro   0x0000000000016db2      0x1ba Drivers/STM32F1xx_HAL_Driver/Src/stm32f1xx_hal_rcc.o
 .debug_macro   0x0000000000016f6c      0x1a8 Drivers/STM32F1xx_HAL_Driver/Src/stm32f1xx_hal_rcc_ex.o
 .debug_macro   0x0000000000017114      0x1a8 Drivers/STM32F1xx_HAL_Driver/Src/stm32f1xx_ll_usb.o
 .debug_macro   0x00000000000172bc      0x3bf Middlewares/ST/STM32_USB_Device_Library/Class/HID/Src/usbd_hid.o
 .debug_macro   0x000000000001767b       0x97 Middlewares/ST/STM32_USB_Device_Library/Class/HID/Src/usbd_hid.o
 .debug_macro   0x0000000000017712       0xfd Middlewares/ST/STM32_USB_Device_Library/Class/HID/Src/usbd_hid.o
 .debug_macro   0x000000000001780f       0xbd Middlewares/ST/STM32_USB_Device_Library/Class/HID/Src/usbd_hid.o
 .debug_macro   0x00000000000178cc       0x56 Middlewares/ST/STM32_USB_Device_Library/Class/HID/Src/usbd_hid.o
 .debug_macro   0x0000000000017922      0x3a6 Middlewares/ST/STM32_USB_Device_Library/Core/Src/usbd_core.o
 .debug_macro   0x0000000000017cc8      0x1ce Middlewares/ST/STM32_USB_Device_Library/Core/Src/usbd_core.o
 .debug_macro   0x0000000000017e96      0x3b0 Middlewares/ST/STM32_USB_Device_Library/Core/Src/usbd_ctlreq.o
 .debug_macro   0x0000000000018246      0x3ac Middlewares/ST/STM32_USB_Device_Library/Core/Src/usbd_ioreq.o
 .debug_macro   0x00000000000185f2      0x3dc USB_DEVICE/App/usb_device.o
 .debug_macro   0x00000000000189ce       0x22 USB_DEVICE/App/usb_device.o
 .debug_macro   0x00000000000189f0      0x3e3 USB_DEVICE/App/usbd_desc.o
 .debug_macro   0x0000000000018dd3       0x1c USB_DEVICE/App/usbd_desc.o
 .debug_macro   0x0000000000018def      0x3c9 USB_DEVICE/Target/usbd_conf.o

.debug_line     0x0000000000000000     0xb576
 .debug_line    0x0000000000000000      0xa25 Core/Src/main.o
 .debug_line    0x0000000000000a25      0x676 Core/Src/stm32f1xx_hal_msp.o
 .debug_line    0x000000000000109b      0x72f Core/Src/stm32f1xx_it.o
 .debug_line    0x00000000000017ca      0x69d Core/Src/system_stm32f1xx.o
 .debug_line    0x0000000000001e67       0x87 Core/Startup/startup_stm32f103c8tx.o
 .debug_line    0x0000000000001eee      0x850 Drivers/STM32F1xx_HAL_Driver/Src/stm32f1xx_hal.o
 .debug_line    0x000000000000273e      0x927 Drivers/STM32F1xx_HAL_Driver/Src/stm32f1xx_hal_cortex.o
 .debug_line    0x0000000000003065      0x84c Drivers/STM32F1xx_HAL_Driver/Src/stm32f1xx_hal_gpio.o
 .debug_line    0x00000000000038b1      0xd15 Drivers/STM32F1xx_HAL_Driver/Src/stm32f1xx_hal_pcd.o
 .debug_line    0x00000000000045c6      0x6c1 Drivers/STM32F1xx_HAL_Driver/Src/stm32f1xx_hal_pcd_ex.o
 .debug_line    0x0000000000004c87      0x910 Drivers/STM32F1xx_HAL_Driver/Src/stm32f1xx_hal_rcc.o
 .debug_line    0x0000000000005597      0x72e Drivers/STM32F1xx_HAL_Driver/Src/stm32f1xx_hal_rcc_ex.o
 .debug_line    0x0000000000005cc5      0xd66 Drivers/STM32F1xx_HAL_Driver/Src/stm32f1xx_ll_usb.o
 .debug_line    0x0000000000006a2b      0xa95 Middlewares/ST/STM32_USB_Device_Library/Class/HID/Src/usbd_hid.o
 .debug_line    0x00000000000074c0      0xb67 Middlewares/ST/STM32_USB_Device_Library/Core/Src/usbd_core.o
 .debug_line    0x0000000000008027      0xbf0 Middlewares/ST/STM32_USB_Device_Library/Core/Src/usbd_ctlreq.o
 .debug_line    0x0000000000008c17      0x9d0 Middlewares/ST/STM32_USB_Device_Library/Core/Src/usbd_ioreq.o
 .debug_line    0x00000000000095e7      0x99f USB_DEVICE/App/usb_device.o
 .debug_line    0x0000000000009f86      0xa04 USB_DEVICE/App/usbd_desc.o
 .debug_line    0x000000000000a98a      0xbec USB_DEVICE/Target/usbd_conf.o

.debug_str      0x0000000000000000    0x84aa4
 .debug_str     0x0000000000000000    0x824df Core/Src/main.o
                                      0x8294a (size before relaxing)
 .debug_str     0x00000000000824df       0x5a Core/Src/stm32f1xx_hal_msp.o
                                      0x7d49e (size before relaxing)
 .debug_str     0x0000000000082539      0x3d9 Core/Src/stm32f1xx_it.o
                                      0x7d841 (size before relaxing)
 .debug_str     0x0000000000082912       0x52 Core/Src/system_stm32f1xx.o
                                      0x7d48b (size before relaxing)
 .debug_str     0x0000000000082964       0x36 Core/Startup/startup_stm32f103c8tx.o
                                         0x55 (size before relaxing)
 .debug_str     0x000000000008299a      0x55e Drivers/STM32F1xx_HAL_Driver/Src/stm32f1xx_hal.o
                                      0x7db1c (size before relaxing)
 .debug_str     0x0000000000082ef8      0x2d8 Drivers/STM32F1xx_HAL_Driver/Src/stm32f1xx_hal_cortex.o
                                      0x7db24 (size before relaxing)
 .debug_str     0x00000000000831d0      0x340 Drivers/STM32F1xx_HAL_Driver/Src/stm32f1xx_hal_gpio.o
                                      0x7d84f (size before relaxing)
 .debug_str     0x0000000000083510      0x3e5 Drivers/STM32F1xx_HAL_Driver/Src/stm32f1xx_hal_pcd.o
                                      0x7dbde (size before relaxing)
 .debug_str     0x00000000000838f5      0x18d Drivers/STM32F1xx_HAL_Driver/Src/stm32f1xx_hal_pcd_ex.o
                                      0x7d92b (size before relaxing)
 .debug_str     0x0000000000083a82      0x24f Drivers/STM32F1xx_HAL_Driver/Src/stm32f1xx_hal_rcc.o
                                      0x7d888 (size before relaxing)
 .debug_str     0x0000000000083cd1       0xb9 Drivers/STM32F1xx_HAL_Driver/Src/stm32f1xx_hal_rcc_ex.o
                                      0x7d615 (size before relaxing)
 .debug_str     0x0000000000083d8a      0x2ad Drivers/STM32F1xx_HAL_Driver/Src/stm32f1xx_ll_usb.o
                                      0x7d95e (size before relaxing)
 .debug_str     0x0000000000084037      0x270 Middlewares/ST/STM32_USB_Device_Library/Class/HID/Src/usbd_hid.o
                                      0x82784 (size before relaxing)
 .debug_str     0x00000000000842a7      0x1a2 Middlewares/ST/STM32_USB_Device_Library/Core/Src/usbd_core.o
                                      0x8258d (size before relaxing)
 .debug_str     0x0000000000084449      0x12f Middlewares/ST/STM32_USB_Device_Library/Core/Src/usbd_ctlreq.o
                                      0x82513 (size before relaxing)
 .debug_str     0x0000000000084578       0xc9 Middlewares/ST/STM32_USB_Device_Library/Core/Src/usbd_ioreq.o
                                      0x8249b (size before relaxing)
 .debug_str     0x0000000000084641       0xb5 USB_DEVICE/App/usb_device.o
                                      0x82607 (size before relaxing)
 .debug_str     0x00000000000846f6      0x25a USB_DEVICE/App/usbd_desc.o
                                      0x82408 (size before relaxing)
 .debug_str     0x0000000000084950      0x154 USB_DEVICE/Target/usbd_conf.o
                                      0x82f55 (size before relaxing)

.comment        0x0000000000000000       0x7b
 .comment       0x0000000000000000       0x7b Core/Src/main.o
                                         0x7c (size before relaxing)
 .comment       0x000000000000007b       0x7c Core/Src/stm32f1xx_hal_msp.o
 .comment       0x000000000000007b       0x7c Core/Src/stm32f1xx_it.o
 .comment       0x000000000000007b       0x7c Core/Src/system_stm32f1xx.o
 .comment       0x000000000000007b       0x7c Drivers/STM32F1xx_HAL_Driver/Src/stm32f1xx_hal.o
 .comment       0x000000000000007b       0x7c Drivers/STM32F1xx_HAL_Driver/Src/stm32f1xx_hal_cortex.o
 .comment       0x000000000000007b       0x7c Drivers/STM32F1xx_HAL_Driver/Src/stm32f1xx_hal_gpio.o
 .comment       0x000000000000007b       0x7c Drivers/STM32F1xx_HAL_Driver/Src/stm32f1xx_hal_pcd.o
 .comment       0x000000000000007b       0x7c Drivers/STM32F1xx_HAL_Driver/Src/stm32f1xx_hal_pcd_ex.o
 .comment       0x000000000000007b       0x7c Drivers/STM32F1xx_HAL_Driver/Src/stm32f1xx_hal_rcc.o
 .comment       0x000000000000007b       0x7c Drivers/STM32F1xx_HAL_Driver/Src/stm32f1xx_hal_rcc_ex.o
 .comment       0x000000000000007b       0x7c Drivers/STM32F1xx_HAL_Driver/Src/stm32f1xx_ll_usb.o
 .comment       0x000000000000007b       0x7c Middlewares/ST/STM32_USB_Device_Library/Class/HID/Src/usbd_hid.o
 .comment       0x000000000000007b       0x7c Middlewares/ST/STM32_USB_Device_Library/Core/Src/usbd_core.o
 .comment       0x000000000000007b       0x7c Middlewares/ST/STM32_USB_Device_Library/Core/Src/usbd_ctlreq.o
 .comment       0x000000000000007b       0x7c Middlewares/ST/STM32_USB_Device_Library/Core/Src/usbd_ioreq.o
 .comment       0x000000000000007b       0x7c USB_DEVICE/App/usb_device.o
 .comment       0x000000000000007b       0x7c USB_DEVICE/App/usbd_desc.o
 .comment       0x000000000000007b       0x7c USB_DEVICE/Target/usbd_conf.o

.debug_frame    0x0000000000000000     0x262c
 .debug_frame   0x0000000000000000       0x8c Core/Src/main.o
 .debug_frame   0x000000000000008c       0x38 Core/Src/stm32f1xx_hal_msp.o
 .debug_frame   0x00000000000000c4      0x120 Core/Src/stm32f1xx_it.o
 .debug_frame   0x00000000000001e4       0x58 Core/Src/system_stm32f1xx.o
 .debug_frame   0x000000000000023c      0x334 Drivers/STM32F1xx_HAL_Driver/Src/stm32f1xx_hal.o
 .debug_frame   0x0000000000000570      0x428 Drivers/STM32F1xx_HAL_Driver/Src/stm32f1xx_hal_cortex.o
 .debug_frame   0x0000000000000998      0x14c Drivers/STM32F1xx_HAL_Driver/Src/stm32f1xx_hal_gpio.o
 .debug_frame   0x0000000000000ae4      0x578 Drivers/STM32F1xx_HAL_Driver/Src/stm32f1xx_hal_pcd.o
 .debug_frame   0x000000000000105c       0xb0 Drivers/STM32F1xx_HAL_Driver/Src/stm32f1xx_hal_pcd_ex.o
 .debug_frame   0x000000000000110c      0x21c Drivers/STM32F1xx_HAL_Driver/Src/stm32f1xx_hal_rcc.o
 .debug_frame   0x0000000000001328       0x84 Drivers/STM32F1xx_HAL_Driver/Src/stm32f1xx_hal_rcc_ex.o
 .debug_frame   0x00000000000013ac      0x450 Drivers/STM32F1xx_HAL_Driver/Src/stm32f1xx_ll_usb.o
 .debug_frame   0x00000000000017fc      0x190 Middlewares/ST/STM32_USB_Device_Library/Class/HID/Src/usbd_hid.o
 .debug_frame   0x000000000000198c      0x300 Middlewares/ST/STM32_USB_Device_Library/Core/Src/usbd_core.o
 .debug_frame   0x0000000000001c8c      0x218 Middlewares/ST/STM32_USB_Device_Library/Core/Src/usbd_ctlreq.o
 .debug_frame   0x0000000000001ea4      0x10c Middlewares/ST/STM32_USB_Device_Library/Core/Src/usbd_ioreq.o
 .debug_frame   0x0000000000001fb0       0x2c USB_DEVICE/App/usb_device.o
 .debug_frame   0x0000000000001fdc      0x160 USB_DEVICE/App/usbd_desc.o
 .debug_frame   0x000000000000213c      0x4a4 USB_DEVICE/Target/usbd_conf.o
 .debug_frame   0x00000000000025e0       0x2c c:/st/stm32cubeide_1.5.1/stm32cubeide/plugins/com.st.stm32cube.ide.mcu.externaltools.gnu-tools-for-stm32.7-2018-q2-update.win32_1.5.0.202011040924/tools/bin/../lib/gcc/arm-none-eabi/7.3.1/../../../../arm-none-eabi/lib/thumb/v7-m\libc_nano.a(lib_a-init.o)
 .debug_frame   0x000000000000260c       0x20 c:/st/stm32cubeide_1.5.1/stm32cubeide/plugins/com.st.stm32cube.ide.mcu.externaltools.gnu-tools-for-stm32.7-2018-q2-update.win32_1.5.0.202011040924/tools/bin/../lib/gcc/arm-none-eabi/7.3.1/../../../../arm-none-eabi/lib/thumb/v7-m\libc_nano.a(lib_a-memset.o)
